// Jest Snapshot v1, https://goo.gl/fbAQLP

exports[`RepoInfo component RepoInfo snapshot 1`] = `
Object {
  "asFragment": [Function],
  "baseElement": <body>
    <div>
      <div
        data-testid="repoinfo"
        style="padding: 0px 2rem;"
      >
        <nav
          class="ant-breadcrumb css-dev-only-do-not-override-1kuana8"
        >
          <ol>
            <li>
              <span
                class="ant-breadcrumb-link"
              >
                <a
                  href="https://github.com/owner"
                  rel="noreferrer"
                  target="_blank"
                >
                  Owner
                </a>
              </span>
            </li>
            <li
              aria-hidden="true"
              class="ant-breadcrumb-separator"
            >
              /
            </li>
            <li>
              <span
                class="ant-breadcrumb-link"
              >
                <a
                  href="https://github.com/owner/repo"
                  rel="noreferrer"
                  target="_blank"
                >
                  Repo
                </a>
              </span>
            </li>
          </ol>
        </nav>
      </div>
    </div>
  </body>,
  "container": <div>
    <div
      data-testid="repoinfo"
      style="padding: 0px 2rem;"
    >
      <nav
        class="ant-breadcrumb css-dev-only-do-not-override-1kuana8"
      >
        <ol>
          <li>
            <span
              class="ant-breadcrumb-link"
            >
              <a
                href="https://github.com/owner"
                rel="noreferrer"
                target="_blank"
              >
                Owner
              </a>
            </span>
          </li>
          <li
            aria-hidden="true"
            class="ant-breadcrumb-separator"
          >
            /
          </li>
          <li>
            <span
              class="ant-breadcrumb-link"
            >
              <a
                href="https://github.com/owner/repo"
                rel="noreferrer"
                target="_blank"
              >
                Repo
              </a>
            </span>
          </li>
        </ol>
      </nav>
    </div>
  </div>,
  "debug": [Function],
  "findAllByAltText": [Function],
  "findAllByDisplayValue": [Function],
  "findAllByLabelText": [Function],
  "findAllByPlaceholderText": [Function],
  "findAllByRole": [Function],
  "findAllByTestId": [Function],
  "findAllByText": [Function],
  "findAllByTitle": [Function],
  "findByAltText": [Function],
  "findByDisplayValue": [Function],
  "findByLabelText": [Function],
  "findByPlaceholderText": [Function],
  "findByRole": [Function],
  "findByTestId": [Function],
  "findByText": [Function],
  "findByTitle": [Function],
  "getAllByAltText": [Function],
  "getAllByDisplayValue": [Function],
  "getAllByLabelText": [Function],
  "getAllByPlaceholderText": [Function],
  "getAllByRole": [Function],
  "getAllByTestId": [Function],
  "getAllByText": [Function],
  "getAllByTitle": [Function],
  "getByAltText": [Function],
  "getByDisplayValue": [Function],
  "getByLabelText": [Function],
  "getByPlaceholderText": [Function],
  "getByRole": [Function],
  "getByTestId": [Function],
  "getByText": [Function],
  "getByTitle": [Function],
  "queryAllByAltText": [Function],
  "queryAllByDisplayValue": [Function],
  "queryAllByLabelText": [Function],
  "queryAllByPlaceholderText": [Function],
  "queryAllByRole": [Function],
  "queryAllByTestId": [Function],
  "queryAllByText": [Function],
  "queryAllByTitle": [Function],
  "queryByAltText": [Function],
  "queryByDisplayValue": [Function],
  "queryByLabelText": [Function],
  "queryByPlaceholderText": [Function],
  "queryByRole": [Function],
  "queryByTestId": [Function],
  "queryByText": [Function],
  "queryByTitle": [Function],
  "rerender": [Function],
  "unmount": [Function],
}
`;
