// Jest Snapshot v1, https://goo.gl/fbAQLP

exports[`Loader component Loader snapshot 1`] = `
Object {
  "asFragment": [Function],
  "baseElement": <body>
    <div>
      <div
        class="ant-flex css-dev-only-do-not-override-1kuana8 ant-flex-align-center ant-flex-justify-center ant-flex-gap-middle"
      >
        <div
          aria-busy="true"
          aria-live="polite"
          class="ant-spin ant-spin-spinning css-dev-only-do-not-override-1kuana8"
        >
          <span
            class="ant-spin-dot ant-spin-dot-spin"
          >
            <i
              class="ant-spin-dot-item"
            />
            <i
              class="ant-spin-dot-item"
            />
            <i
              class="ant-spin-dot-item"
            />
            <i
              class="ant-spin-dot-item"
            />
          </span>
        </div>
        <span
          class="ant-typography css-dev-only-do-not-override-1kuana8"
        >
          Loading...
        </span>
      </div>
    </div>
  </body>,
  "container": <div>
    <div
      class="ant-flex css-dev-only-do-not-override-1kuana8 ant-flex-align-center ant-flex-justify-center ant-flex-gap-middle"
    >
      <div
        aria-busy="true"
        aria-live="polite"
        class="ant-spin ant-spin-spinning css-dev-only-do-not-override-1kuana8"
      >
        <span
          class="ant-spin-dot ant-spin-dot-spin"
        >
          <i
            class="ant-spin-dot-item"
          />
          <i
            class="ant-spin-dot-item"
          />
          <i
            class="ant-spin-dot-item"
          />
          <i
            class="ant-spin-dot-item"
          />
        </span>
      </div>
      <span
        class="ant-typography css-dev-only-do-not-override-1kuana8"
      >
        Loading...
      </span>
    </div>
  </div>,
  "debug": [Function],
  "findAllByAltText": [Function],
  "findAllByDisplayValue": [Function],
  "findAllByLabelText": [Function],
  "findAllByPlaceholderText": [Function],
  "findAllByRole": [Function],
  "findAllByTestId": [Function],
  "findAllByText": [Function],
  "findAllByTitle": [Function],
  "findByAltText": [Function],
  "findByDisplayValue": [Function],
  "findByLabelText": [Function],
  "findByPlaceholderText": [Function],
  "findByRole": [Function],
  "findByTestId": [Function],
  "findByText": [Function],
  "findByTitle": [Function],
  "getAllByAltText": [Function],
  "getAllByDisplayValue": [Function],
  "getAllByLabelText": [Function],
  "getAllByPlaceholderText": [Function],
  "getAllByRole": [Function],
  "getAllByTestId": [Function],
  "getAllByText": [Function],
  "getAllByTitle": [Function],
  "getByAltText": [Function],
  "getByDisplayValue": [Function],
  "getByLabelText": [Function],
  "getByPlaceholderText": [Function],
  "getByRole": [Function],
  "getByTestId": [Function],
  "getByText": [Function],
  "getByTitle": [Function],
  "queryAllByAltText": [Function],
  "queryAllByDisplayValue": [Function],
  "queryAllByLabelText": [Function],
  "queryAllByPlaceholderText": [Function],
  "queryAllByRole": [Function],
  "queryAllByTestId": [Function],
  "queryAllByText": [Function],
  "queryAllByTitle": [Function],
  "queryByAltText": [Function],
  "queryByDisplayValue": [Function],
  "queryByLabelText": [Function],
  "queryByPlaceholderText": [Function],
  "queryByRole": [Function],
  "queryByTestId": [Function],
  "queryByText": [Function],
  "queryByTitle": [Function],
  "rerender": [Function],
  "unmount": [Function],
}
`;
